Archive member included to satisfy reference by file (symbol)

c:/program files (x86)/atmel/studio/7.0/toolchain/avr8/avr8-gnu-toolchain/bin/../lib/gcc/avr/5.4.0/avrxmega6\libgcc.a(_udivmodsi4.o)
                              src/ASF/xmega/drivers/usart/usart.o (__udivmodsi4)
c:/program files (x86)/atmel/studio/7.0/toolchain/avr8/avr8-gnu-toolchain/bin/../lib/gcc/avr/5.4.0/avrxmega6\libgcc.a(_exit.o)
                              C:/Program Files (x86)/Atmel/Studio/7.0/Packs/atmel/XMEGAA_DFP/1.2.141/gcc/dev/atxmega256a3bu/avrxmega6/crtatxmega256a3bu.o (exit)
c:/program files (x86)/atmel/studio/7.0/toolchain/avr8/avr8-gnu-toolchain/bin/../lib/gcc/avr/5.4.0/avrxmega6\libgcc.a(_tablejump2.o)
                              src/FreeRTOS/timers.o (__tablejump2__)
c:/program files (x86)/atmel/studio/7.0/toolchain/avr8/avr8-gnu-toolchain/bin/../lib/gcc/avr/5.4.0/avrxmega6\libgcc.a(_copy_data.o)
                              src/ASF/common/services/gfx_mono/gfx_mono_menu.o (__do_copy_data)
c:/program files (x86)/atmel/studio/7.0/toolchain/avr8/avr8-gnu-toolchain/bin/../lib/gcc/avr/5.4.0/avrxmega6\libgcc.a(_clear_bss.o)
                              src/ASF/common/services/gfx_mono/gfx_mono_c12832_a1z.o (__do_clear_bss)
c:/program files (x86)/atmel/studio/7.0/toolchain/avr8/avr8-gnu-toolchain/bin/../lib/gcc/avr/5.4.0/../../../../avr/lib/avrxmega6\libc.a(malloc.o)
                              src/FreeRTOS/portable/MemMang/heap_3.o (malloc)
c:/program files (x86)/atmel/studio/7.0/toolchain/avr8/avr8-gnu-toolchain/bin/../lib/gcc/avr/5.4.0/../../../../avr/lib/avrxmega6\libc.a(memcpy.o)
                              src/ASF/xmega/drivers/nvm/nvm.o (memcpy)
c:/program files (x86)/atmel/studio/7.0/toolchain/avr8/avr8-gnu-toolchain/bin/../lib/gcc/avr/5.4.0/../../../../avr/lib/avrxmega6\libc.a(snprintf.o)
                              src/main.o (snprintf)
c:/program files (x86)/atmel/studio/7.0/toolchain/avr8/avr8-gnu-toolchain/bin/../lib/gcc/avr/5.4.0/../../../../avr/lib/avrxmega6\libc.a(vfprintf_std.o)
                              c:/program files (x86)/atmel/studio/7.0/toolchain/avr8/avr8-gnu-toolchain/bin/../lib/gcc/avr/5.4.0/../../../../avr/lib/avrxmega6\libc.a(snprintf.o) (vfprintf)
c:/program files (x86)/atmel/studio/7.0/toolchain/avr8/avr8-gnu-toolchain/bin/../lib/gcc/avr/5.4.0/../../../../avr/lib/avrxmega6\libc.a(strnlen_P.o)
                              c:/program files (x86)/atmel/studio/7.0/toolchain/avr8/avr8-gnu-toolchain/bin/../lib/gcc/avr/5.4.0/../../../../avr/lib/avrxmega6\libc.a(vfprintf_std.o) (strnlen_P)
c:/program files (x86)/atmel/studio/7.0/toolchain/avr8/avr8-gnu-toolchain/bin/../lib/gcc/avr/5.4.0/../../../../avr/lib/avrxmega6\libc.a(strnlen.o)
                              c:/program files (x86)/atmel/studio/7.0/toolchain/avr8/avr8-gnu-toolchain/bin/../lib/gcc/avr/5.4.0/../../../../avr/lib/avrxmega6\libc.a(vfprintf_std.o) (strnlen)
c:/program files (x86)/atmel/studio/7.0/toolchain/avr8/avr8-gnu-toolchain/bin/../lib/gcc/avr/5.4.0/../../../../avr/lib/avrxmega6\libc.a(fputc.o)
                              c:/program files (x86)/atmel/studio/7.0/toolchain/avr8/avr8-gnu-toolchain/bin/../lib/gcc/avr/5.4.0/../../../../avr/lib/avrxmega6\libc.a(vfprintf_std.o) (fputc)
c:/program files (x86)/atmel/studio/7.0/toolchain/avr8/avr8-gnu-toolchain/bin/../lib/gcc/avr/5.4.0/../../../../avr/lib/avrxmega6\libc.a(ultoa_invert.o)
                              c:/program files (x86)/atmel/studio/7.0/toolchain/avr8/avr8-gnu-toolchain/bin/../lib/gcc/avr/5.4.0/../../../../avr/lib/avrxmega6\libc.a(vfprintf_std.o) (__ultoa_invert)

Allocating common symbols
Common symbol       size              file

xSemaphore          0x2               src/main.o
__brkval            0x2               c:/program files (x86)/atmel/studio/7.0/toolchain/avr8/avr8-gnu-toolchain/bin/../lib/gcc/avr/5.4.0/../../../../avr/lib/avrxmega6\libc.a(malloc.o)
__flp               0x2               c:/program files (x86)/atmel/studio/7.0/toolchain/avr8/avr8-gnu-toolchain/bin/../lib/gcc/avr/5.4.0/../../../../avr/lib/avrxmega6\libc.a(malloc.o)

Discarded input sections

 .data          0x00000000        0x0 C:/Program Files (x86)/Atmel/Studio/7.0/Packs/atmel/XMEGAA_DFP/1.2.141/gcc/dev/atxmega256a3bu/avrxmega6/crtatxmega256a3bu.o
 .bss           0x00000000        0x0 C:/Program Files (x86)/Atmel/Studio/7.0/Packs/atmel/XMEGAA_DFP/1.2.141/gcc/dev/atxmega256a3bu/avrxmega6/crtatxmega256a3bu.o
 .group         0x00000000        0x8 src/ASF/common/components/display/st7565r/st7565r.o
 .group         0x00000000        0x8 src/ASF/common/components/display/st7565r/st7565r.o
 .group         0x00000000        0x8 src/ASF/common/components/display/st7565r/st7565r.o
 .group         0x00000000        0x8 src/ASF/common/components/display/st7565r/st7565r.o
 .group         0x00000000        0x8 src/ASF/common/components/display/st7565r/st7565r.o
 .group         0x00000000        0x8 src/ASF/common/components/display/st7565r/st7565r.o
[...]
Memory Configuration

Name             Origin             Length             Attributes
text             0x00000000         0x00042000         xr
data             0x00802000         0x00004000         rw !x
eeprom           0x00810000         0x00001000         rw !x
fuse             0x00820000         0x00000006         rw !x
lock             0x00830000         0x00000400         rw !x
signature        0x00840000         0x00000400         rw !x
user_signatures  0x00850000         0x00000400         rw !x
*default*        0x00000000         0xffffffff

Linker script and memory map

LOAD C:/Program Files (x86)/Atmel/Studio/7.0/Packs/atmel/XMEGAA_DFP/1.2.141/gcc/dev/atxmega256a3bu/avrxmega6/crtatxmega256a3bu.o
LOAD src/ASF/common/components/display/st7565r/st7565r.o
LOAD src/ASF/common/services/gfx_mono/gfx_mono_c12832_a1z.o
LOAD src/ASF/xmega/drivers/usart/usart.o
LOAD src/ASF/common/services/spi/xmega_usart_spi/usart_spi.o
LOAD src/ASF/common/services/spi/xmega_spi/spi_master.o
LOAD src/ASF/common/services/gfx_mono/gfx_mono_framebuffer.o
LOAD src/ASF/common/services/gfx_mono/gfx_mono_generic.o
LOAD src/ASF/common/services/clock/xmega/sysclk.o
LOAD src/ASF/common/services/gfx_mono/gfx_mono_menu.o
LOAD src/ASF/xmega/drivers/nvm/nvm.o
LOAD src/ASF/xmega/drivers/spi/spi.o
LOAD src/ASF/xmega/drivers/nvm/nvm_asm.o
LOAD src/ASF/xmega/drivers/cpu/ccp.o
LOAD src/ASF/common/services/gfx_mono/gfx_mono_text.o
LOAD src/ASF/common/services/gfx_mono/sysfont.o
LOAD src/FreeRTOS/croutine.o
LOAD src/FreeRTOS/event_groups.o
LOAD src/FreeRTOS/list.o
LOAD src/FreeRTOS/portable/GCC/ATXMega256A3BU/port.o
LOAD src/FreeRTOS/portable/MemMang/heap_3.o
LOAD src/FreeRTOS/queue.o
LOAD src/FreeRTOS/stream_buffer.o
LOAD src/FreeRTOS/tasks.o
LOAD src/FreeRTOS/timers.o
LOAD src/ASF/common/services/ioport/xmega/ioport_compat.o
LOAD src/ASF/xmega/boards/xmega_a3bu_xplained/init.o
LOAD src/main.o
START GROUP
LOAD c:/program files (x86)/atmel/studio/7.0/toolchain/avr8/avr8-gnu-toolchain/bin/../lib/gcc/avr/5.4.0/../../../../avr/lib/avrxmega6\libm.a
END GROUP
Address of section .BOOT set to 0x40000
START GROUP
LOAD c:/program files (x86)/atmel/studio/7.0/toolchain/avr8/avr8-gnu-toolchain/bin/../lib/gcc/avr/5.4.0/avrxmega6\libgcc.a
LOAD c:/program files (x86)/atmel/studio/7.0/toolchain/avr8/avr8-gnu-toolchain/bin/../lib/gcc/avr/5.4.0/../../../../avr/lib/avrxmega6\libm.a
LOAD c:/program files (x86)/atmel/studio/7.0/toolchain/avr8/avr8-gnu-toolchain/bin/../lib/gcc/avr/5.4.0/../../../../avr/lib/avrxmega6\libc.a
LOAD C:/Program Files (x86)/Atmel/Studio/7.0/Packs/atmel/XMEGAA_DFP/1.2.141/gcc/dev/atxmega256a3bu/avrxmega6\libatxmega256a3bu.a
END GROUP
                [0x00000000]                __TEXT_REGION_ORIGIN__ = DEFINED (__TEXT_REGION_ORIGIN__)?__TEXT_REGION_ORIGIN__:0x0
                [0x00802000]                __DATA_REGION_ORIGIN__ = DEFINED (__DATA_REGION_ORIGIN__)?__DATA_REGION_ORIGIN__:0x802000
                [0x00042000]                __TEXT_REGION_LENGTH__ = DEFINED (__TEXT_REGION_LENGTH__)?__TEXT_REGION_LENGTH__:0x100000
                [0x00004000]                __DATA_REGION_LENGTH__ = DEFINED (__DATA_REGION_LENGTH__)?__DATA_REGION_LENGTH__:0xffa0
                [0x00001000]                __EEPROM_REGION_LENGTH__ = DEFINED (__EEPROM_REGION_LENGTH__)?__EEPROM_REGION_LENGTH__:0x10000
                [0x00000006]                __FUSE_REGION_LENGTH__ = DEFINED (__FUSE_REGION_LENGTH__)?__FUSE_REGION_LENGTH__:0x400
                0x00000400                __LOCK_REGION_LENGTH__ = DEFINED (__LOCK_REGION_LENGTH__)?__LOCK_REGION_LENGTH__:0x400
                0x00000400                __SIGNATURE_REGION_LENGTH__ = DEFINED (__SIGNATURE_REGION_LENGTH__)?__SIGNATURE_REGION_LENGTH__:0x400
                0x00000400                __USER_SIGNATURE_REGION_LENGTH__ = DEFINED (__USER_SIGNATURE_REGION_LENGTH__)?__USER_SIGNATURE_REGION_LENGTH__:0x400

.hash
 *(.hash)

.dynsym
 *(.dynsym)

.dynstr
 *(.dynstr)

.gnu.version
 *(.gnu.version)

.gnu.version_d
 *(.gnu.version_d)

.gnu.version_r
 *(.gnu.version_r)

.rel.init
 *(.rel.init)

.rela.init
 *(.rela.init)

.rel.text
 *(.rel.text)
 *(.rel.text.*)
 *(.rel.gnu.linkonce.t*)

.rela.text
 *(.rela.text)
 *(.rela.text.*)
 *(.rela.gnu.linkonce.t*)

.rel.fini
 *(.rel.fini)

.rela.fini
 *(.rela.fini)

.rel.rodata
 *(.rel.rodata)
 *(.rel.rodata.*)
 *(.rel.gnu.linkonce.r*)

.rela.rodata
 *(.rela.rodata)
 *(.rela.rodata.*)
 *(.rela.gnu.linkonce.r*)

.rel.data
 *(.rel.data)
 *(.rel.data.*)
 *(.rel.gnu.linkonce.d*)

.rela.data
 *(.rela.data)
 *(.rela.data.*)
 *(.rela.gnu.linkonce.d*)

.rel.ctors
 *(.rel.ctors)

.rela.ctors
 *(.rela.ctors)

.rel.dtors
 *(.rel.dtors)

.rela.dtors
 *(.rela.dtors)

.rel.got
 *(.rel.got)

.rela.got
 *(.rela.got)

.rel.bss
 *(.rel.bss)

.rela.bss
 *(.rela.bss)

.rel.plt
 *(.rel.plt)

.rela.plt
 *(.rela.plt)

.text           0x00000000     0x3646
 *(.vectors)
 .vectors       0x00000000      0x1fc C:/Program Files (x86)/Atmel/Studio/7.0/Packs/atmel/XMEGAA_DFP/1.2.141/gcc/dev/atxmega256a3bu/avrxmega6/crtatxmega256a3bu.o
                0x00000000                __vector_default
                0x00000000                __vectors
 *(.vectors)
 *(.progmem.gcc*)
 .progmem.gcc_sw_table.prvTimerTask
                0x000001fc       0x14 src/FreeRTOS/timers.o
                0x00000210                . = ALIGN (0x2)
                0x00000210                __trampolines_start = .
 *(.trampolines)
 .trampolines   0x00000210        0x0 linker stubs
 *(.trampolines*)
                0x00000210                __trampolines_end = .
 *libprintf_flt.a:*(.progmem.data)
 *libc.a:*(.progmem.data)
 *(.progmem*)
 .progmem.data.sysfont_glyphs
                0x00000210      0x292 src/ASF/common/services/gfx_mono/sysfont.o
                0x000004a2                . = ALIGN (0x2)
 *(.jumptables)
 *(.jumptables*)
 *(.lowtext)
 *(.lowtext*)
                0x000004a2                __ctors_start = .
 *(.ctors)
                0x000004a2                __ctors_end = .
                0x000004a2                __dtors_start = .
 *(.dtors)
                0x000004a2                __dtors_end = .
 SORT(*)(.ctors)
 SORT(*)(.dtors)
 *(.init0)
 .init0         0x000004a2        0x0 C:/Program Files (x86)/Atmel/Studio/7.0/Packs/atmel/XMEGAA_DFP/1.2.141/gcc/dev/atxmega256a3bu/avrxmega6/crtatxmega256a3bu.o
                0x000004a2                __init
 *(.init0)
 *(.init1)
 *(.init1)
 *(.init2)
 .init2         0x000004a2       0x10 C:/Program Files (x86)/Atmel/Studio/7.0/Packs/atmel/XMEGAA_DFP/1.2.141/gcc/dev/atxmega256a3bu/avrxmega6/crtatxmega256a3bu.o
 *(.init2)
 *(.init3)
 *(.init3)
 *(.init4)
 .init4         0x000004b2       0x1a c:/program files (x86)/atmel/studio/7.0/toolchain/avr8/avr8-gnu-toolchain/bin/../lib/gcc/avr/5.4.0/avrxmega6\libgcc.a(_copy_data.o)
                0x000004b2                __do_copy_data
 .init4         0x000004cc       0x10 c:/program files (x86)/atmel/studio/7.0/toolchain/avr8/avr8-gnu-toolchain/bin/../lib/gcc/avr/5.4.0/avrxmega6\libgcc.a(_clear_bss.o)
                0x000004cc                __do_clear_bss
 *(.init4)
 *(.init5)
 *(.init5)
 *(.init6)
 *(.init6)
 *(.init7)
 *(.init7)
 *(.init8)
 *(.init8)
 *(.init9)
 .init9         0x000004dc        0x8 C:/Program Files (x86)/Atmel/Studio/7.0/Packs/atmel/XMEGAA_DFP/1.2.141/gcc/dev/atxmega256a3bu/avrxmega6/crtatxmega256a3bu.o
 *(.init9)
 *(.text)
 .text          0x000004e4        0x2 C:/Program Files (x86)/Atmel/Studio/7.0/Packs/atmel/XMEGAA_DFP/1.2.141/gcc/dev/atxmega256a3bu/avrxmega6/crtatxmega256a3bu.o
                0x000004e4                __vector_38
                0x000004e4                __vector_104
                0x000004e4                __vector_22
                0x000004e4                __vector_63
                0x000004e4                __vector_28
                0x000004e4                __vector_67
                0x000004e4                __vector_1
                0x000004e4                __vector_119
                0x000004e4                __vector_32
                0x000004e4                __vector_75
                0x000004e4                __vector_71
                0x000004e4                __vector_91
                0x000004e4                __vector_34
                0x000004e4                __vector_62
                0x000004e4                __vector_77
                0x000004e4                __vector_102
                0x000004e4                __vector_24
                0x000004e4                __vector_12
                0x000004e4                __vector_55
                0x000004e4                __vector_69
                0x000004e4                __vector_81
                0x000004e4                __vector_90
                0x000004e4                __vector_46
                0x000004e4                __bad_interrupt
                0x000004e4                __vector_122
                0x000004e4                __vector_72
                0x000004e4                __vector_114
                0x000004e4                __vector_6
                0x000004e4                __vector_110
                0x000004e4                __vector_31
                0x000004e4                __vector_92
                0x000004e4                __vector_35
                0x000004e4                __vector_78
                0x000004e4                __vector_74
                0x000004e4                __vector_117
                0x000004e4                __vector_39
                0x000004e4                __vector_107
                0x000004e4                __vector_3
                0x000004e4                __vector_105
                0x000004e4                __vector_98
                0x000004e4                __vector_23
                0x000004e4                __vector_68
                0x000004e4                __vector_30
                0x000004e4                __vector_73
                0x000004e4                __vector_45
                0x000004e4                __vector_25
                0x000004e4                __vector_93
                0x000004e4                __vector_61
                0x000004e4                __vector_11
                0x000004e4                __vector_54
                0x000004e4                __vector_99
                0x000004e4                __vector_13
                0x000004e4                __vector_17
                0x000004e4                __vector_19
                0x000004e4                __vector_56
                0x000004e4                __vector_7
                0x000004e4                __vector_125
                0x000004e4                __vector_49
                0x000004e4                __vector_123
                0x000004e4                __vector_41
                0x000004e4                __vector_86
                0x000004e4                __vector_100
                0x000004e4                __vector_101
                0x000004e4                __vector_64
                0x000004e4                __vector_88
                0x000004e4                __vector_109
                0x000004e4                __vector_43
                0x000004e4                __vector_27
                0x000004e4                __vector_5
                0x000004e4                __vector_113
                0x000004e4                __vector_33
                0x000004e4                __vector_76
                0x000004e4                __vector_115
                0x000004e4                __vector_47
                0x000004e4                __vector_52
                0x000004e4                __vector_37
                0x000004e4                __vector_95
                0x000004e4                __vector_103
                0x000004e4                __vector_96
                0x000004e4                __vector_89
                0x000004e4                __vector_108
                0x000004e4                __vector_4
                0x000004e4                __vector_44
                0x000004e4                __vector_82
                0x000004e4                __vector_106
                0x000004e4                __vector_118
                0x000004e4                __vector_51
                0x000004e4                __vector_9
                0x000004e4                __vector_2
                0x000004e4                __vector_21
                0x000004e4                __vector_15
                0x000004e4                __vector_66
                0x000004e4                __vector_36
                0x000004e4                __vector_79
                0x000004e4                __vector_58
                0x000004e4                __vector_70
                0x000004e4                __vector_83
                0x000004e4                __vector_29
                0x000004e4                __vector_60
                0x000004e4                __vector_121
                0x000004e4                __vector_40
                0x000004e4                __vector_85
                0x000004e4                __vector_94
                0x000004e4                __vector_126
                0x000004e4                __vector_8
                0x000004e4                __vector_26
                0x000004e4                __vector_48
                0x000004e4                __vector_124
                0x000004e4                __vector_116
                0x000004e4                __vector_112
                0x000004e4                __vector_111
                0x000004e4                __vector_80
                0x000004e4                __vector_84
                0x000004e4                __vector_57
                0x000004e4                __vector_53
                0x000004e4                __vector_10
                0x000004e4                __vector_50
                0x000004e4                __vector_16
                0x000004e4                __vector_59
                0x000004e4                __vector_18
                0x000004e4                __vector_97
                0x000004e4                __vector_20
                0x000004e4                __vector_42
                0x000004e4                __vector_87
                0x000004e4                __vector_65
                0x000004e4                __vector_120
                0x000004e6                . = ALIGN (0x2)
 *(.text.*)
 .text.__portable_avr_delay_cycles
                0x000004e6       0x16 src/ASF/common/components/display/st7565r/st7565r.o
 .text.st7565r_init
                0x000004fc      0x388 src/ASF/common/components/display/st7565r/st7565r.o
                0x000004fc                st7565r_init
 .text.gfx_mono_st7565r_put_byte
                0x00000884      0x14e src/ASF/common/services/gfx_mono/gfx_mono_c12832_a1z.o
                0x00000884                gfx_mono_st7565r_put_byte
 .text.gfx_mono_st7565r_init
                0x000009d2       0x84 src/ASF/common/services/gfx_mono/gfx_mono_c12832_a1z.o
                0x000009d2                gfx_mono_st7565r_init
 .text.gfx_mono_st7565r_draw_pixel
                0x00000a56       0x6c src/ASF/common/services/gfx_mono/gfx_mono_c12832_a1z.o
                0x00000a56                gfx_mono_st7565r_draw_pixel
 .text.gfx_mono_st7565r_get_byte
                0x00000ac2        0x4 src/ASF/common/services/gfx_mono/gfx_mono_c12832_a1z.o
                0x00000ac2                gfx_mono_st7565r_get_byte
 .text.usart_spi_set_baudrate
                0x00000ac6       0x64 src/ASF/xmega/drivers/usart/usart.o
                0x00000ac6                usart_spi_set_baudrate
 .text.usart_init_spi
                0x00000b2a      0x3c8 src/ASF/xmega/drivers/usart/usart.o
                0x00000b2a                usart_init_spi
 .text.usart_spi_init
                0x00000ef2       0x5e src/ASF/common/services/spi/xmega_usart_spi/usart_spi.o
                0x00000ef2                usart_spi_init
 .text.usart_spi_setup_device
                0x00000f50       0x34 src/ASF/common/services/spi/xmega_usart_spi/usart_spi.o
                0x00000f50                usart_spi_setup_device
 .text.usart_spi_select_device
                0x00000f84       0x2c src/ASF/common/services/spi/xmega_usart_spi/usart_spi.o
                0x00000f84                usart_spi_select_device
 .text.usart_spi_deselect_device
                0x00000fb0       0x2c src/ASF/common/services/spi/xmega_usart_spi/usart_spi.o
                0x00000fb0                usart_spi_deselect_device
 .text.gfx_mono_set_framebuffer
                0x00000fdc        0xa src/ASF/common/services/gfx_mono/gfx_mono_framebuffer.o
                0x00000fdc                gfx_mono_set_framebuffer
 .text.gfx_mono_framebuffer_put_byte
                0x00000fe6       0x1c src/ASF/common/services/gfx_mono/gfx_mono_framebuffer.o
                0x00000fe6                gfx_mono_framebuffer_put_byte
 .text.gfx_mono_framebuffer_get_byte
                0x00001002       0x1c src/ASF/common/services/gfx_mono/gfx_mono_framebuffer.o
                0x00001002                gfx_mono_framebuffer_get_byte
 .text.gfx_mono_generic_draw_horizontal_line
                0x0000101e       0xc4 src/ASF/common/services/gfx_mono/gfx_mono_generic.o
                0x0000101e                gfx_mono_generic_draw_horizontal_line
 .text.gfx_mono_generic_draw_filled_rect
                0x000010e2       0x34 src/ASF/common/services/gfx_mono/gfx_mono_generic.o
                0x000010e2                gfx_mono_generic_draw_filled_rect
 .text.sysclk_enable_module
                0x00001116       0x2c src/ASF/common/services/clock/xmega/sysclk.o
                0x00001116                sysclk_enable_module
 .text.gfx_mono_draw_char
                0x00001142       0xba src/ASF/common/services/gfx_mono/gfx_mono_text.o
                0x00001142                gfx_mono_draw_char
 .text.gfx_mono_draw_string
                0x000011fc       0x52 src/ASF/common/services/gfx_mono/gfx_mono_text.o
                0x000011fc                gfx_mono_draw_string
 .text.vListInitialise
                0x0000124e       0x1c src/FreeRTOS/list.o
                0x0000124e                vListInitialise
 .text.vListInitialiseItem
                0x0000126a        0x8 src/FreeRTOS/list.o
                0x0000126a                vListInitialiseItem
 .text.vListInsertEnd
                0x00001272       0x42 src/FreeRTOS/list.o
                0x00001272                vListInsertEnd
 .text.vListInsert
                0x000012b4       0x62 src/FreeRTOS/list.o
                0x000012b4                vListInsert
 .text.uxListRemove
                0x00001316       0x4e src/FreeRTOS/list.o
                0x00001316                uxListRemove
 .text.pxPortInitialiseStack
                0x00001364       0xee src/FreeRTOS/portable/GCC/ATXMega256A3BU/port.o
                0x00001364                pxPortInitialiseStack
 .text.xPortStartScheduler
                0x00001452       0x8a src/FreeRTOS/portable/GCC/ATXMega256A3BU/port.o
                0x00001452                xPortStartScheduler
 .text.vPortYield
                0x000014dc       0xb0 src/FreeRTOS/portable/GCC/ATXMega256A3BU/port.o
                0x000014dc                vPortYield
 .text.__vector_14
                0x0000158c       0xb4 src/FreeRTOS/portable/GCC/ATXMega256A3BU/port.o
                0x0000158c                __vector_14
 .text.pvPortMalloc
                0x00001640       0x1a src/FreeRTOS/portable/MemMang/heap_3.o
                0x00001640                pvPortMalloc
 .text.vPortFree
                0x0000165a       0x1a src/FreeRTOS/portable/MemMang/heap_3.o
                0x0000165a                vPortFree
 .text.prvIsQueueEmpty
                0x00001674       0x16 src/FreeRTOS/queue.o
 .text.prvCopyDataToQueue
                0x0000168a       0x92 src/FreeRTOS/queue.o
 .text.prvCopyDataFromQueue
                0x0000171c       0x34 src/FreeRTOS/queue.o
 .text.prvUnlockQueue
                0x00001750       0x92 src/FreeRTOS/queue.o
 .text.xQueueGenericReset
                0x000017e2       0x84 src/FreeRTOS/queue.o
                0x000017e2                xQueueGenericReset
 .text.xQueueGenericCreate
                0x00001866       0x42 src/FreeRTOS/queue.o
                0x00001866                xQueueGenericCreate
 .text.xQueueGenericSend
                0x000018a8      0x11a src/FreeRTOS/queue.o
                0x000018a8                xQueueGenericSend
 .text.xQueueGenericSendFromISR
                0x000019c2       0x74 src/FreeRTOS/queue.o
                0x000019c2                xQueueGenericSendFromISR
 .text.xQueueReceive
                0x00001a36      0x108 src/FreeRTOS/queue.o
                0x00001a36                xQueueReceive
 .text.xQueueSemaphoreTake
                0x00001b3e       0xf2 src/FreeRTOS/queue.o
                0x00001b3e                xQueueSemaphoreTake
 .text.vQueueWaitForMessageRestricted
                0x00001c30       0x36 src/FreeRTOS/queue.o
                0x00001c30                vQueueWaitForMessageRestricted
 .text.prvResetNextTaskUnblockTime
                0x00001c66       0x38 src/FreeRTOS/tasks.o
 .text.prvIdleTask
                0x00001c9e        0xe src/FreeRTOS/tasks.o
 .text.prvAddCurrentTaskToDelayedList
                0x00001cac       0x82 src/FreeRTOS/tasks.o
 .text.xTaskCreate
                0x00001d2e      0x204 src/FreeRTOS/tasks.o
                0x00001d2e                xTaskCreate
 .text.vTaskStartScheduler
                0x00001f32       0x56 src/FreeRTOS/tasks.o
                0x00001f32                vTaskStartScheduler
 .text.vTaskSuspendAll
                0x00001f88        0xc src/FreeRTOS/tasks.o
                0x00001f88                vTaskSuspendAll
 .text.xTaskGetTickCount
                0x00001f94       0x14 src/FreeRTOS/tasks.o
                0x00001f94                xTaskGetTickCount
 .text.xTaskIncrementTick
                0x00001fa8      0x170 src/FreeRTOS/tasks.o
                0x00001fa8                xTaskIncrementTick
 .text.xTaskResumeAll
                0x00002118       0xfa src/FreeRTOS/tasks.o
                0x00002118                xTaskResumeAll
 .text.vTaskDelay
                0x00002212       0x20 src/FreeRTOS/tasks.o
                0x00002212                vTaskDelay
 .text.vTaskSwitchContext
                0x00002232       0xcc src/FreeRTOS/tasks.o
                0x00002232                vTaskSwitchContext
 .text.vTaskPlaceOnEventList
                0x000022fe       0x22 src/FreeRTOS/tasks.o
                0x000022fe                vTaskPlaceOnEventList
 .text.vTaskPlaceOnEventListRestricted
                0x00002320       0x30 src/FreeRTOS/tasks.o
                0x00002320                vTaskPlaceOnEventListRestricted
 .text.xTaskRemoveFromEventList
                0x00002350       0x90 src/FreeRTOS/tasks.o
                0x00002350                xTaskRemoveFromEventList
 .text.vTaskInternalSetTimeOutState
                0x000023e0       0x16 src/FreeRTOS/tasks.o
                0x000023e0                vTaskInternalSetTimeOutState
 .text.xTaskCheckForTimeOut
                0x000023f6       0x60 src/FreeRTOS/tasks.o
                0x000023f6                xTaskCheckForTimeOut
 .text.vTaskMissedYield
                0x00002456        0x8 src/FreeRTOS/tasks.o
                0x00002456                vTaskMissedYield
 .text.xTaskGetSchedulerState
                0x0000245e       0x1c src/FreeRTOS/tasks.o
                0x0000245e                xTaskGetSchedulerState
 .text.prvInsertTimerInActiveList
                0x0000247a       0x5e src/FreeRTOS/timers.o
 .text.prvCheckForValidListAndQueue
                0x000024d8       0x50 src/FreeRTOS/timers.o
 .text.xTimerCreateTimerTask
                0x00002528       0x40 src/FreeRTOS/timers.o
                0x00002528                xTimerCreateTimerTask
 .text.xTimerGenericCommand
                0x00002568       0x84 src/FreeRTOS/timers.o
                0x00002568                xTimerGenericCommand
 .text.prvSampleTimeNow
                0x000025ec       0xdc src/FreeRTOS/timers.o
 .text.prvTimerTask
                0x000026c8      0x1e8 src/FreeRTOS/timers.o
 .text.ioport_configure_port_pin
                0x000028b0       0x4e src/ASF/common/services/ioport/xmega/ioport_compat.o
                0x000028b0                ioport_configure_port_pin
 .text.board_init
                0x000028fe      0x13a src/ASF/xmega/boards/xmega_a3bu_xplained/init.o
                0x000028fe                board_init
 .text.buzzerEvenOdd
                0x00002a38       0x18 src/main.o
 .text.vCounter
                0x00002a50       0x90 src/main.o
 .text.vPushButton1
                0x00002ae0      0x10a src/main.o
 .text.vBlinkLed1
                0x00002bea       0x98 src/main.o
 .text.vBlinkLed0
                0x00002c82       0x96 src/main.o
 .text.main     0x00002d18       0xc8 src/main.o
                0x00002d18                main
 .text.libgcc.div
                0x00002de0       0x44 c:/program files (x86)/atmel/studio/7.0/toolchain/avr8/avr8-gnu-toolchain/bin/../lib/gcc/avr/5.4.0/avrxmega6\libgcc.a(_udivmodsi4.o)
                0x00002de0                __udivmodsi4
 .text.libgcc   0x00002e24       0x10 c:/program files (x86)/atmel/studio/7.0/toolchain/avr8/avr8-gnu-toolchain/bin/../lib/gcc/avr/5.4.0/avrxmega6\libgcc.a(_tablejump2.o)
                0x00002e24                __tablejump2__
 .text.avr-libc
                0x00002e34      0x242 c:/program files (x86)/atmel/studio/7.0/toolchain/avr8/avr8-gnu-toolchain/bin/../lib/gcc/avr/5.4.0/../../../../avr/lib/avrxmega6\libc.a(malloc.o)
                0x00002e34                malloc
                0x00002f64                free
 .text.avr-libc
                0x00003076       0x12 c:/program files (x86)/atmel/studio/7.0/toolchain/avr8/avr8-gnu-toolchain/bin/../lib/gcc/avr/5.4.0/../../../../avr/lib/avrxmega6\libc.a(memcpy.o)
                0x00003076                memcpy
 .text.avr-libc
                0x00003088       0x6c c:/program files (x86)/atmel/studio/7.0/toolchain/avr8/avr8-gnu-toolchain/bin/../lib/gcc/avr/5.4.0/../../../../avr/lib/avrxmega6\libc.a(snprintf.o)
                0x00003088                snprintf
 .text.avr-libc
                0x000030f4      0x3ee c:/program files (x86)/atmel/studio/7.0/toolchain/avr8/avr8-gnu-toolchain/bin/../lib/gcc/avr/5.4.0/../../../../avr/lib/avrxmega6\libc.a(vfprintf_std.o)
                0x000030f4                vfprintf
 .text.avr-libc
                0x000034e2       0x16 c:/program files (x86)/atmel/studio/7.0/toolchain/avr8/avr8-gnu-toolchain/bin/../lib/gcc/avr/5.4.0/../../../../avr/lib/avrxmega6\libc.a(strnlen_P.o)
                0x000034e2                strnlen_P
 .text.avr-libc
                0x000034f8       0x16 c:/program files (x86)/atmel/studio/7.0/toolchain/avr8/avr8-gnu-toolchain/bin/../lib/gcc/avr/5.4.0/../../../../avr/lib/avrxmega6\libc.a(strnlen.o)
                0x000034f8                strnlen
 .text.avr-libc
                0x0000350e       0x78 c:/program files (x86)/atmel/studio/7.0/toolchain/avr8/avr8-gnu-toolchain/bin/../lib/gcc/avr/5.4.0/../../../../avr/lib/avrxmega6\libc.a(fputc.o)
                0x0000350e                fputc
 .text.avr-libc
                0x00003586       0xbc c:/program files (x86)/atmel/studio/7.0/toolchain/avr8/avr8-gnu-toolchain/bin/../lib/gcc/avr/5.4.0/../../../../avr/lib/avrxmega6\libc.a(ultoa_invert.o)
                0x00003586                __ultoa_invert
                0x00003642                . = ALIGN (0x2)
 *(.fini9)
 .fini9         0x00003642        0x0 c:/program files (x86)/atmel/studio/7.0/toolchain/avr8/avr8-gnu-toolchain/bin/../lib/gcc/avr/5.4.0/avrxmega6\libgcc.a(_exit.o)
                0x00003642                _exit
                0x00003642                exit
 *(.fini9)
 *(.fini8)
 *(.fini8)
 *(.fini7)
 *(.fini7)
 *(.fini6)
 *(.fini6)
 *(.fini5)
 *(.fini5)
 *(.fini4)
 *(.fini4)
 *(.fini3)
 *(.fini3)
 *(.fini2)
 *(.fini2)
 *(.fini1)
 *(.fini1)
 *(.fini0)
 .fini0         0x00003642        0x4 c:/program files (x86)/atmel/studio/7.0/toolchain/avr8/avr8-gnu-toolchain/bin/../lib/gcc/avr/5.4.0/avrxmega6\libgcc.a(_exit.o)
 *(.fini0)
                0x00003646                _etext = .

.data           0x00802000       0x58 load address 0x00003646
                0x00802000                PROVIDE (__data_start, .)
 *(.data)
 .data          0x00802000        0x6 c:/program files (x86)/atmel/studio/7.0/toolchain/avr8/avr8-gnu-toolchain/bin/../lib/gcc/avr/5.4.0/../../../../avr/lib/avrxmega6\libc.a(malloc.o)
                0x00802000                __malloc_heap_end
                0x00802002                __malloc_heap_start
                0x00802004                __malloc_margin
 *(.data*)
 .data.sysfont  0x00802006        0x7 src/ASF/common/services/gfx_mono/sysfont.o
                0x00802006                sysfont
 *(.gnu.linkonce.d*)
 *(.rodata)
 *(.rodata*)
 .rodata.str1.1
                0x0080200d        0x5 src/FreeRTOS/tasks.o
 .rodata.str1.1
                0x00802012        0x8 src/FreeRTOS/timers.o
 .rodata.str1.1
                0x0080201a       0x3e src/main.o
                                 0x3f (size before relaxing)
 *(.gnu.linkonce.r*)
                0x00802058                . = ALIGN (0x2)
                0x00802058                _edata = .
                0x00802058                PROVIDE (__data_end, .)

.bss            0x00802058      0x287
                0x00802058                PROVIDE (__bss_start, .)
 *(.bss)
 *(.bss*)
 .bss.framebuffer
                0x00802058      0x200 src/ASF/common/services/gfx_mono/gfx_mono_c12832_a1z.o
 .bss.fbpointer
                0x00802258        0x2 src/ASF/common/services/gfx_mono/gfx_mono_framebuffer.o
 .bss.uxSchedulerSuspended
                0x0080225a        0x1 src/FreeRTOS/tasks.o
 .bss.xIdleTaskHandle
                0x0080225b        0x2 src/FreeRTOS/tasks.o
 .bss.xNextTaskUnblockTime
                0x0080225d        0x2 src/FreeRTOS/tasks.o
 .bss.uxTaskNumber
                0x0080225f        0x1 src/FreeRTOS/tasks.o
 .bss.xNumOfOverflows
                0x00802260        0x1 src/FreeRTOS/tasks.o
 .bss.xYieldPending
                0x00802261        0x1 src/FreeRTOS/tasks.o
 .bss.xPendedTicks
                0x00802262        0x2 src/FreeRTOS/tasks.o
 .bss.xSchedulerRunning
                0x00802264        0x1 src/FreeRTOS/tasks.o
 .bss.uxTopReadyPriority
                0x00802265        0x1 src/FreeRTOS/tasks.o
 .bss.xTickCount
                0x00802266        0x2 src/FreeRTOS/tasks.o
 .bss.uxCurrentNumberOfTasks
                0x00802268        0x1 src/FreeRTOS/tasks.o
 .bss.xPendingReadyList
                0x00802269        0x9 src/FreeRTOS/tasks.o
 .bss.pxOverflowDelayedTaskList
                0x00802272        0x2 src/FreeRTOS/tasks.o
 .bss.pxDelayedTaskList
                0x00802274        0x2 src/FreeRTOS/tasks.o
 .bss.xDelayedTaskList2
                0x00802276        0x9 src/FreeRTOS/tasks.o
 .bss.xDelayedTaskList1
                0x0080227f        0x9 src/FreeRTOS/tasks.o
 .bss.pxReadyTasksLists
                0x00802288       0x2d src/FreeRTOS/tasks.o
 .bss.pxCurrentTCB
                0x008022b5        0x2 src/FreeRTOS/tasks.o
                0x008022b5                pxCurrentTCB
 .bss.xLastTime.4399
                0x008022b7        0x2 src/FreeRTOS/timers.o
 .bss.xTimerTaskHandle
                0x008022b9        0x2 src/FreeRTOS/timers.o
 .bss.xTimerQueue
                0x008022bb        0x2 src/FreeRTOS/timers.o
 .bss.pxOverflowTimerList
                0x008022bd        0x2 src/FreeRTOS/timers.o
 .bss.pxCurrentTimerList
                0x008022bf        0x2 src/FreeRTOS/timers.o
 .bss.xActiveTimerList2
                0x008022c1        0x9 src/FreeRTOS/timers.o
 .bss.xActiveTimerList1
                0x008022ca        0x9 src/FreeRTOS/timers.o
 .bss.led1_cnt  0x008022d3        0x2 src/main.o
                0x008022d3                led1_cnt
 .bss.led0_cnt  0x008022d5        0x2 src/main.o
                0x008022d5                led0_cnt
 .bss.counter   0x008022d7        0x2 src/main.o
                0x008022d7                counter
 *(COMMON)
 COMMON         0x008022d9        0x2 src/main.o
                0x008022d9                xSemaphore
 COMMON         0x008022db        0x4 c:/program files (x86)/atmel/studio/7.0/toolchain/avr8/avr8-gnu-toolchain/bin/../lib/gcc/avr/5.4.0/../../../../avr/lib/avrxmega6\libc.a(malloc.o)
                0x008022db                __brkval
                0x008022dd                __flp
                0x008022df                PROVIDE (__bss_end, .)
                0x00003646                __data_load_start = LOADADDR (.data)
                0x0000369e                __data_load_end = (__data_load_start + SIZEOF (.data))

.noinit         0x008022df        0x0
                [!provide]                PROVIDE (__noinit_start, .)
 *(.noinit*)
                [!provide]                PROVIDE (__noinit_end, .)
                0x008022df                _end = .
                0x008022df                PROVIDE (__heap_start, .)

.eeprom         0x00810000        0x0
 *(.eeprom*)
                0x00810000                __eeprom_end = .

.fuse
 *(.fuse)
 *(.lfuse)
 *(.hfuse)
 *(.efuse)

.lock
 *(.lock*)

.signature
 *(.signature*)

.user_signatures
 *(.user_signatures*)

.stab
 *(.stab)

.stabstr
 *(.stabstr)

.stab.excl
 *(.stab.excl)

.stab.exclstr
 *(.stab.exclstr)

.stab.index
 *(.stab.index)

.stab.indexstr
 *(.stab.indexstr)

.comment        0x00000000       0x5c
 *(.comment)
 .comment       0x00000000       0x30 src/ASF/common/components/display/st7565r/st7565r.o
                                 0x31 (size before relaxing)
 .comment       0x00000030       0x31 src/ASF/common/services/gfx_mono/gfx_mono_c12832_a1z.o
 .comment       0x00000030       0x31 src/ASF/xmega/drivers/usart/usart.o
 .comment       0x00000030       0x31 src/ASF/common/services/spi/xmega_usart_spi/usart_spi.o
 .comment       0x00000030       0x31 src/ASF/common/services/gfx_mono/gfx_mono_framebuffer.o
 .comment       0x00000030       0x31 src/ASF/common/services/gfx_mono/gfx_mono_generic.o
 .comment       0x00000030       0x31 src/ASF/common/services/clock/xmega/sysclk.o
 .comment       0x00000030       0x31 src/ASF/common/services/gfx_mono/gfx_mono_text.o
 .comment       0x00000030       0x31 src/ASF/common/services/gfx_mono/sysfont.o
 .comment       0x00000030       0x31 src/FreeRTOS/list.o
 .comment       0x00000030       0x31 src/FreeRTOS/portable/GCC/ATXMega256A3BU/port.o
 .comment       0x00000030       0x31 src/FreeRTOS/portable/MemMang/heap_3.o
 .comment       0x00000030       0x31 src/FreeRTOS/queue.o
 .comment       0x00000030       0x31 src/FreeRTOS/tasks.o
 .comment       0x00000030       0x31 src/FreeRTOS/timers.o
 .comment       0x00000030       0x31 src/ASF/common/services/ioport/xmega/ioport_compat.o
 .comment       0x00000030       0x31 src/ASF/xmega/boards/xmega_a3bu_xplained/init.o
 .comment       0x00000030       0x31 src/main.o
 .comment       0x00000030       0x31 c:/program files (x86)/atmel/studio/7.0/toolchain/avr8/avr8-gnu-toolchain/bin/../lib/gcc/avr/5.4.0/../../../../avr/lib/avrxmega6\libc.a(malloc.o)
 .comment       0x00000030       0x31 c:/program files (x86)/atmel/studio/7.0/toolchain/avr8/avr8-gnu-toolchain/bin/../lib/gcc/avr/5.4.0/../../../../avr/lib/avrxmega6\libc.a(snprintf.o)
 .comment       0x00000030       0x2c c:/program files (x86)/atmel/studio/7.0/toolchain/avr8/avr8-gnu-toolchain/bin/../lib/gcc/avr/5.4.0/../../../../avr/lib/avrxmega6\libc.a(vfprintf_std.o)
                                 0x2d (size before relaxing)
 .comment       0x0000005c       0x31 c:/program files (x86)/atmel/studio/7.0/toolchain/avr8/avr8-gnu-toolchain/bin/../lib/gcc/avr/5.4.0/../../../../avr/lib/avrxmega6\libc.a(fputc.o)

.note.gnu.avr.deviceinfo
                0x00000000       0x44
 .note.gnu.avr.deviceinfo
                0x00000000       0x44 C:/Program Files (x86)/Atmel/Studio/7.0/Packs/atmel/XMEGAA_DFP/1.2.141/gcc/dev/atxmega256a3bu/avrxmega6/crtatxmega256a3bu.o

.note.gnu.build-id
 *(.note.gnu.build-id)

.debug
 *(.debug)

.line
 *(.line)

.debug_srcinfo
 *(.debug_srcinfo)

.debug_sfnames
 *(.debug_sfnames)

.debug_aranges  0x00000000      0x620
 *(.debug_aranges)
 .debug_aranges
                0x00000000       0x28 src/ASF/common/components/display/st7565r/st7565r.o
 .debug_aranges
                0x00000028       0x60 src/ASF/common/services/gfx_mono/gfx_mono_c12832_a1z.o
 .debug_aranges
                0x00000088       0x58 src/ASF/xmega/drivers/usart/usart.o
 .debug_aranges
                0x000000e0       0x48 src/ASF/common/services/spi/xmega_usart_spi/usart_spi.o
 .debug_aranges
                0x00000128       0x58 src/ASF/common/services/gfx_mono/gfx_mono_framebuffer.o
 .debug_aranges
                0x00000180       0x58 src/ASF/common/services/gfx_mono/gfx_mono_generic.o
 .debug_aranges
                0x000001d8       0x40 src/ASF/common/services/clock/xmega/sysclk.o
 .debug_aranges
                0x00000218       0x40 src/ASF/common/services/gfx_mono/gfx_mono_text.o
 .debug_aranges
                0x00000258       0x18 src/ASF/common/services/gfx_mono/sysfont.o
 .debug_aranges
                0x00000270       0x40 src/FreeRTOS/list.o
 .debug_aranges
                0x000002b0       0x38 src/FreeRTOS/portable/GCC/ATXMega256A3BU/port.o
 .debug_aranges
                0x000002e8       0x28 src/FreeRTOS/portable/MemMang/heap_3.o
 .debug_aranges
                0x00000310       0xc0 src/FreeRTOS/queue.o
 .debug_aranges
                0x000003d0      0x130 src/FreeRTOS/tasks.o
 .debug_aranges
                0x00000500       0x98 src/FreeRTOS/timers.o
 .debug_aranges
                0x00000598       0x20 src/ASF/common/services/ioport/xmega/ioport_compat.o
 .debug_aranges
                0x000005b8       0x20 src/ASF/xmega/boards/xmega_a3bu_xplained/init.o
 .debug_aranges
                0x000005d8       0x48 src/main.o

.debug_pubnames
 *(.debug_pubnames)

.debug_info     0x00000000    0x1254d
 *(.debug_info .gnu.linkonce.wi.*)
 .debug_info    0x00000000     0x3379 C:/Program Files (x86)/Atmel/Studio/7.0/Packs/atmel/XMEGAA_DFP/1.2.141/gcc/dev/atxmega256a3bu/avrxmega6/crtatxmega256a3bu.o
 .debug_info    0x00003379     0x1964 src/ASF/common/components/display/st7565r/st7565r.o
 .debug_info    0x00004cdd     0x1e01 src/ASF/common/services/gfx_mono/gfx_mono_c12832_a1z.o
 .debug_info    0x00006ade     0x2933 src/ASF/xmega/drivers/usart/usart.o
 .debug_info    0x00009411      0xb9d src/ASF/common/services/spi/xmega_usart_spi/usart_spi.o
 .debug_info    0x00009fae      0x487 src/ASF/common/services/gfx_mono/gfx_mono_framebuffer.o
 .debug_info    0x0000a435      0xc0a src/ASF/common/services/gfx_mono/gfx_mono_generic.o
 .debug_info    0x0000b03f      0x71c src/ASF/common/services/clock/xmega/sysclk.o
 .debug_info    0x0000b75b      0x715 src/ASF/common/services/gfx_mono/gfx_mono_text.o
 .debug_info    0x0000be70      0x1af src/ASF/common/services/gfx_mono/sysfont.o
 .debug_info    0x0000c01f      0x2dc src/FreeRTOS/list.o
 .debug_info    0x0000c2fb      0x861 src/FreeRTOS/portable/GCC/ATXMega256A3BU/port.o
 .debug_info    0x0000cb5c      0x175 src/FreeRTOS/portable/MemMang/heap_3.o
 .debug_info    0x0000ccd1     0x1506 src/FreeRTOS/queue.o
 .debug_info    0x0000e1d7     0x181d src/FreeRTOS/tasks.o
 .debug_info    0x0000f9f4     0x1082 src/FreeRTOS/timers.o
 .debug_info    0x00010a76      0x121 src/ASF/common/services/ioport/xmega/ioport_compat.o
 .debug_info    0x00010b97      0xb05 src/ASF/xmega/boards/xmega_a3bu_xplained/init.o
 .debug_info    0x0001169c      0xeb1 src/main.o

.debug_abbrev   0x00000000     0x576e
 *(.debug_abbrev)
 .debug_abbrev  0x00000000     0x30c4 C:/Program Files (x86)/Atmel/Studio/7.0/Packs/atmel/XMEGAA_DFP/1.2.141/gcc/dev/atxmega256a3bu/avrxmega6/crtatxmega256a3bu.o
 .debug_abbrev  0x000030c4      0x2a0 src/ASF/common/components/display/st7565r/st7565r.o
 .debug_abbrev  0x00003364      0x385 src/ASF/common/services/gfx_mono/gfx_mono_c12832_a1z.o
 .debug_abbrev  0x000036e9      0x3f5 src/ASF/xmega/drivers/usart/usart.o
 .debug_abbrev  0x00003ade      0x2d8 src/ASF/common/services/spi/xmega_usart_spi/usart_spi.o
 .debug_abbrev  0x00003db6      0x174 src/ASF/common/services/gfx_mono/gfx_mono_framebuffer.o
 .debug_abbrev  0x00003f2a      0x1ac src/ASF/common/services/gfx_mono/gfx_mono_generic.o
 .debug_abbrev  0x000040d6      0x218 src/ASF/common/services/clock/xmega/sysclk.o
 .debug_abbrev  0x000042ee      0x22b src/ASF/common/services/gfx_mono/gfx_mono_text.o
 .debug_abbrev  0x00004519       0xe2 src/ASF/common/services/gfx_mono/sysfont.o
 .debug_abbrev  0x000045fb      0x102 src/FreeRTOS/list.o
 .debug_abbrev  0x000046fd      0x1c5 src/FreeRTOS/portable/GCC/ATXMega256A3BU/port.o
 .debug_abbrev  0x000048c2       0xdc src/FreeRTOS/portable/MemMang/heap_3.o
 .debug_abbrev  0x0000499e      0x298 src/FreeRTOS/queue.o
 .debug_abbrev  0x00004c36      0x30a src/FreeRTOS/tasks.o
 .debug_abbrev  0x00004f40      0x312 src/FreeRTOS/timers.o
 .debug_abbrev  0x00005252       0x95 src/ASF/common/services/ioport/xmega/ioport_compat.o
 .debug_abbrev  0x000052e7      0x15c src/ASF/xmega/boards/xmega_a3bu_xplained/init.o
 .debug_abbrev  0x00005443      0x32b src/main.o

.debug_line     0x00000000     0xa362
 *(.debug_line .debug_line.* .debug_line_end)
 .debug_line    0x00000000      0x39d C:/Program Files (x86)/Atmel/Studio/7.0/Packs/atmel/XMEGAA_DFP/1.2.141/gcc/dev/atxmega256a3bu/avrxmega6/crtatxmega256a3bu.o
 .debug_line    0x0000039d      0xac4 src/ASF/common/components/display/st7565r/st7565r.o
 .debug_line    0x00000e61      0xda8 src/ASF/common/services/gfx_mono/gfx_mono_c12832_a1z.o
 .debug_line    0x00001c09      0xc9e src/ASF/xmega/drivers/usart/usart.o
 .debug_line    0x000028a7      0x7d7 src/ASF/common/services/spi/xmega_usart_spi/usart_spi.o
 .debug_line    0x0000307e      0x919 src/ASF/common/services/gfx_mono/gfx_mono_framebuffer.o
 .debug_line    0x00003997      0xc05 src/ASF/common/services/gfx_mono/gfx_mono_generic.o
 .debug_line    0x0000459c      0x631 src/ASF/common/services/clock/xmega/sysclk.o
 .debug_line    0x00004bcd      0x9a3 src/ASF/common/services/gfx_mono/gfx_mono_text.o
 .debug_line    0x00005570      0x7c3 src/ASF/common/services/gfx_mono/sysfont.o
 .debug_line    0x00005d33      0x453 src/FreeRTOS/list.o
 .debug_line    0x00006186      0x504 src/FreeRTOS/portable/GCC/ATXMega256A3BU/port.o
 .debug_line    0x0000668a      0x3c9 src/FreeRTOS/portable/MemMang/heap_3.o
 .debug_line    0x00006a53      0xc48 src/FreeRTOS/queue.o
 .debug_line    0x0000769b      0xf09 src/FreeRTOS/tasks.o
 .debug_line    0x000085a4      0x7af src/FreeRTOS/timers.o
 .debug_line    0x00008d53      0x4b5 src/ASF/common/services/ioport/xmega/ioport_compat.o
 .debug_line    0x00009208      0x4e0 src/ASF/xmega/boards/xmega_a3bu_xplained/init.o
 .debug_line    0x000096e8      0xc7a src/main.o

.debug_frame    0x00000000     0x13fc
 *(.debug_frame)
 .debug_frame   0x00000000       0x68 src/ASF/common/components/display/st7565r/st7565r.o
 .debug_frame   0x00000068      0x1b4 src/ASF/common/services/gfx_mono/gfx_mono_c12832_a1z.o
 .debug_frame   0x0000021c      0x14c src/ASF/xmega/drivers/usart/usart.o
 .debug_frame   0x00000368       0x90 src/ASF/common/services/spi/xmega_usart_spi/usart_spi.o
 .debug_frame   0x000003f8       0xd0 src/ASF/common/services/gfx_mono/gfx_mono_framebuffer.o
 .debug_frame   0x000004c8      0x214 src/ASF/common/services/gfx_mono/gfx_mono_generic.o
 .debug_frame   0x000006dc       0x94 src/ASF/common/services/clock/xmega/sysclk.o
 .debug_frame   0x00000770      0x100 src/ASF/common/services/gfx_mono/gfx_mono_text.o
 .debug_frame   0x00000870       0x88 src/FreeRTOS/list.o
 .debug_frame   0x000008f8       0x60 src/FreeRTOS/portable/GCC/ATXMega256A3BU/port.o
 .debug_frame   0x00000958       0x4c src/FreeRTOS/portable/MemMang/heap_3.o
 .debug_frame   0x000009a4      0x2f0 src/FreeRTOS/queue.o
 .debug_frame   0x00000c94      0x484 src/FreeRTOS/tasks.o
 .debug_frame   0x00001118      0x1bc src/FreeRTOS/timers.o
 .debug_frame   0x000012d4       0x30 src/ASF/common/services/ioport/xmega/ioport_compat.o
 .debug_frame   0x00001304       0x24 src/ASF/xmega/boards/xmega_a3bu_xplained/init.o
 .debug_frame   0x00001328       0xd4 src/main.o

.debug_str      0x00000000    0x3af83
 *(.debug_str)
 .debug_str     0x00000000     0x21e4 C:/Program Files (x86)/Atmel/Studio/7.0/Packs/atmel/XMEGAA_DFP/1.2.141/gcc/dev/atxmega256a3bu/avrxmega6/crtatxmega256a3bu.o
 .debug_str     0x000021e4    0x2c832 src/ASF/common/components/display/st7565r/st7565r.o
                              0x2d0b4 (size before relaxing)
 .debug_str     0x0002ea16      0xc05 src/ASF/common/services/gfx_mono/gfx_mono_c12832_a1z.o
                              0x2d9b5 (size before relaxing)
 .debug_str     0x0002f61b      0xaf4 src/ASF/xmega/drivers/usart/usart.o
                              0x2cfab (size before relaxing)
 .debug_str     0x0003010f       0x87 src/ASF/common/services/spi/xmega_usart_spi/usart_spi.o
                              0x2c689 (size before relaxing)
 .debug_str     0x00030196       0xba src/ASF/common/services/gfx_mono/gfx_mono_framebuffer.o
                              0x2d5e4 (size before relaxing)
 .debug_str     0x00030250      0x213 src/ASF/common/services/gfx_mono/gfx_mono_generic.o
                              0x2d727 (size before relaxing)
 .debug_str     0x00030463      0x2f9 src/ASF/common/services/clock/xmega/sysclk.o
                              0x2bea7 (size before relaxing)
 .debug_str     0x0003075c      0x233 src/ASF/common/services/gfx_mono/gfx_mono_text.o
                              0x2d6bb (size before relaxing)
 .debug_str     0x0003098f     0x10b0 src/ASF/common/services/gfx_mono/sysfont.o
                              0x2e518 (size before relaxing)
 .debug_str     0x00031a3f     0x35ee src/FreeRTOS/list.o
                              0x1d73b (size before relaxing)
 .debug_str     0x0003502d     0x2127 src/FreeRTOS/portable/GCC/ATXMega256A3BU/port.o
                              0x1fa2c (size before relaxing)
 .debug_str     0x00037154       0x81 src/FreeRTOS/portable/MemMang/heap_3.o
                              0x1e840 (size before relaxing)
 .debug_str     0x000371d5      0xfb2 src/FreeRTOS/queue.o
                              0x1f8f2 (size before relaxing)
 .debug_str     0x00038187     0x1613 src/FreeRTOS/tasks.o
                              0x202b6 (size before relaxing)
 .debug_str     0x0003979a      0x4be src/FreeRTOS/timers.o
                              0x1fe2e (size before relaxing)
 .debug_str     0x00039c58       0x77 src/ASF/common/services/ioport/xmega/ioport_compat.o
                              0x29b2e (size before relaxing)
 .debug_str     0x00039ccf       0xf7 src/ASF/xmega/boards/xmega_a3bu_xplained/init.o
                              0x2b7cf (size before relaxing)
 .debug_str     0x00039dc6     0x11bd src/main.o
                              0x34fbd (size before relaxing)

.debug_loc      0x00000000     0x9f16
 *(.debug_loc)
 .debug_loc     0x00000000      0x7c9 src/ASF/common/components/display/st7565r/st7565r.o
 .debug_loc     0x000007c9     0x1382 src/ASF/common/services/gfx_mono/gfx_mono_c12832_a1z.o
 .debug_loc     0x00001b4b      0xe14 src/ASF/xmega/drivers/usart/usart.o
 .debug_loc     0x0000295f      0x56c src/ASF/common/services/spi/xmega_usart_spi/usart_spi.o
 .debug_loc     0x00002ecb      0x61c src/ASF/common/services/gfx_mono/gfx_mono_framebuffer.o
 .debug_loc     0x000034e7     0x11c5 src/ASF/common/services/gfx_mono/gfx_mono_generic.o
 .debug_loc     0x000046ac      0x2c5 src/ASF/common/services/clock/xmega/sysclk.o
 .debug_loc     0x00004971      0x9a2 src/ASF/common/services/gfx_mono/gfx_mono_text.o
 .debug_loc     0x00005313      0x145 src/FreeRTOS/list.o
 .debug_loc     0x00005458      0x2b0 src/FreeRTOS/portable/GCC/ATXMega256A3BU/port.o
 .debug_loc     0x00005708      0x102 src/FreeRTOS/portable/MemMang/heap_3.o
 .debug_loc     0x0000580a     0x16f9 src/FreeRTOS/queue.o
 .debug_loc     0x00006f03     0x1bda src/FreeRTOS/tasks.o
 .debug_loc     0x00008add      0xc88 src/FreeRTOS/timers.o
 .debug_loc     0x00009765       0x66 src/ASF/common/services/ioport/xmega/ioport_compat.o
 .debug_loc     0x000097cb      0x3fa src/ASF/xmega/boards/xmega_a3bu_xplained/init.o
 .debug_loc     0x00009bc5      0x351 src/main.o

.debug_macinfo
 *(.debug_macinfo)

.debug_weaknames
 *(.debug_weaknames)

.debug_funcnames
 *(.debug_funcnames)

.debug_typenames
 *(.debug_typenames)

.debug_varnames
 *(.debug_varnames)

.debug_pubtypes
 *(.debug_pubtypes)

.debug_ranges   0x00000000      0x808
 *(.debug_ranges)
 .debug_ranges  0x00000000       0x18 src/ASF/common/components/display/st7565r/st7565r.o
 .debug_ranges  0x00000018      0x188 src/ASF/common/services/gfx_mono/gfx_mono_c12832_a1z.o
 .debug_ranges  0x000001a0       0x80 src/ASF/xmega/drivers/usart/usart.o
 .debug_ranges  0x00000220       0x98 src/ASF/common/services/spi/xmega_usart_spi/usart_spi.o
 .debug_ranges  0x000002b8       0x48 src/ASF/common/services/gfx_mono/gfx_mono_framebuffer.o
 .debug_ranges  0x00000300       0x48 src/ASF/common/services/gfx_mono/gfx_mono_generic.o
 .debug_ranges  0x00000348       0x30 src/ASF/common/services/clock/xmega/sysclk.o
 .debug_ranges  0x00000378       0x30 src/ASF/common/services/gfx_mono/gfx_mono_text.o
 .debug_ranges  0x000003a8       0x30 src/FreeRTOS/list.o
 .debug_ranges  0x000003d8       0x28 src/FreeRTOS/portable/GCC/ATXMega256A3BU/port.o
 .debug_ranges  0x00000400       0x18 src/FreeRTOS/portable/MemMang/heap_3.o
 .debug_ranges  0x00000418       0xf8 src/FreeRTOS/queue.o
 .debug_ranges  0x00000510      0x180 src/FreeRTOS/tasks.o
 .debug_ranges  0x00000690       0xd8 src/FreeRTOS/timers.o
 .debug_ranges  0x00000768       0x10 src/ASF/common/services/ioport/xmega/ioport_compat.o
 .debug_ranges  0x00000778       0x10 src/ASF/xmega/boards/xmega_a3bu_xplained/init.o
 .debug_ranges  0x00000788       0x80 src/main.o

.debug_macro    0x00000000     0xc98f
 *(.debug_macro)
 .debug_macro   0x00000000      0x276 src/ASF/common/components/display/st7565r/st7565r.o
 .debug_macro   0x00000276      0xa9c src/ASF/common/components/display/st7565r/st7565r.o
 .debug_macro   0x00000d12       0x10 src/ASF/common/components/display/st7565r/st7565r.o
 .debug_macro   0x00000d22      0x1c9 src/ASF/common/components/display/st7565r/st7565r.o
 .debug_macro   0x00000eeb      0x2fc src/ASF/common/components/display/st7565r/st7565r.o
 .debug_macro   0x000011e7       0x9e src/ASF/common/components/display/st7565r/st7565r.o
 .debug_macro   0x00001285     0x62b7 src/ASF/common/components/display/st7565r/st7565r.o
 .debug_macro   0x0000753c       0x9a src/ASF/common/components/display/st7565r/st7565r.o
 .debug_macro   0x000075d6       0xf1 src/ASF/common/components/display/st7565r/st7565r.o
 .debug_macro   0x000076c7       0x34 src/ASF/common/components/display/st7565r/st7565r.o
 .debug_macro   0x000076fb       0x16 src/ASF/common/components/display/st7565r/st7565r.o
 .debug_macro   0x00007711       0x18 src/ASF/common/components/display/st7565r/st7565r.o
 .debug_macro   0x00007729       0x5e src/ASF/common/components/display/st7565r/st7565r.o
 .debug_macro   0x00007787       0x10 src/ASF/common/components/display/st7565r/st7565r.o
 .debug_macro   0x00007797       0x22 src/ASF/common/components/display/st7565r/st7565r.o
 .debug_macro   0x000077b9      0x16d src/ASF/common/components/display/st7565r/st7565r.o
 .debug_macro   0x00007926       0x1c src/ASF/common/components/display/st7565r/st7565r.o
 .debug_macro   0x00007942       0x35 src/ASF/common/components/display/st7565r/st7565r.o
 .debug_macro   0x00007977       0x66 src/ASF/common/components/display/st7565r/st7565r.o
 .debug_macro   0x000079dd      0x71d src/ASF/common/components/display/st7565r/st7565r.o
 .debug_macro   0x000080fa       0x96 src/ASF/common/components/display/st7565r/st7565r.o
 .debug_macro   0x00008190       0x17 src/ASF/common/components/display/st7565r/st7565r.o
 .debug_macro   0x000081a7      0x250 src/ASF/common/components/display/st7565r/st7565r.o
 .debug_macro   0x000083f7       0x76 src/ASF/common/components/display/st7565r/st7565r.o
 .debug_macro   0x0000846d       0x16 src/ASF/common/components/display/st7565r/st7565r.o
 .debug_macro   0x00008483      0x6d9 src/ASF/common/components/display/st7565r/st7565r.o
 .debug_macro   0x00008b5c       0x10 src/ASF/common/components/display/st7565r/st7565r.o
 .debug_macro   0x00008b6c      0x175 src/ASF/common/components/display/st7565r/st7565r.o
 .debug_macro   0x00008ce1       0x40 src/ASF/common/components/display/st7565r/st7565r.o
 .debug_macro   0x00008d21       0x69 src/ASF/common/components/display/st7565r/st7565r.o
 .debug_macro   0x00008d8a       0x31 src/ASF/common/components/display/st7565r/st7565r.o
 .debug_macro   0x00008dbb       0xe4 src/ASF/common/components/display/st7565r/st7565r.o
 .debug_macro   0x00008e9f       0x22 src/ASF/common/components/display/st7565r/st7565r.o
 .debug_macro   0x00008ec1      0x2df src/ASF/common/components/display/st7565r/st7565r.o
 .debug_macro   0x000091a0      0x2ff src/ASF/common/components/display/st7565r/st7565r.o
 .debug_macro   0x0000949f       0x79 src/ASF/common/components/display/st7565r/st7565r.o
 .debug_macro   0x00009518       0x2f src/ASF/common/components/display/st7565r/st7565r.o
 .debug_macro   0x00009547      0x154 src/ASF/common/components/display/st7565r/st7565r.o
 .debug_macro   0x0000969b       0x82 src/ASF/common/components/display/st7565r/st7565r.o
 .debug_macro   0x0000971d      0x102 src/ASF/common/components/display/st7565r/st7565r.o
 .debug_macro   0x0000981f       0x28 src/ASF/common/components/display/st7565r/st7565r.o
 .debug_macro   0x00009847       0x22 src/ASF/common/components/display/st7565r/st7565r.o
 .debug_macro   0x00009869       0x3a src/ASF/common/components/display/st7565r/st7565r.o
 .debug_macro   0x000098a3       0xf6 src/ASF/common/components/display/st7565r/st7565r.o
 .debug_macro   0x00009999       0x34 src/ASF/common/components/display/st7565r/st7565r.o
 .debug_macro   0x000099cd       0x2e src/ASF/common/components/display/st7565r/st7565r.o
 .debug_macro   0x000099fb      0x2ba src/ASF/common/services/gfx_mono/gfx_mono_c12832_a1z.o
 .debug_macro   0x00009cb5       0x75 src/ASF/common/services/gfx_mono/gfx_mono_c12832_a1z.o
 .debug_macro   0x00009d2a       0x88 src/ASF/common/services/gfx_mono/gfx_mono_c12832_a1z.o
 .debug_macro   0x00009db2      0x221 src/ASF/xmega/drivers/usart/usart.o
 .debug_macro   0x00009fd3      0x302 src/ASF/xmega/drivers/usart/usart.o
 .debug_macro   0x0000a2d5      0x234 src/ASF/common/services/spi/xmega_usart_spi/usart_spi.o
 .debug_macro   0x0000a509      0x2ae src/ASF/common/services/gfx_mono/gfx_mono_framebuffer.o
 .debug_macro   0x0000a7b7      0x2ae src/ASF/common/services/gfx_mono/gfx_mono_generic.o
 .debug_macro   0x0000aa65      0x1db src/ASF/common/services/clock/xmega/sysclk.o
 .debug_macro   0x0000ac40       0x26 src/ASF/common/services/clock/xmega/sysclk.o
 .debug_macro   0x0000ac66      0x2d5 src/ASF/common/services/gfx_mono/gfx_mono_text.o
 .debug_macro   0x0000af3b       0xaa src/ASF/common/services/gfx_mono/gfx_mono_text.o
 .debug_macro   0x0000afe5      0x2db src/ASF/common/services/gfx_mono/sysfont.o
 .debug_macro   0x0000b2c0       0x3a src/ASF/common/services/gfx_mono/sysfont.o
 .debug_macro   0x0000b2fa      0x112 src/FreeRTOS/list.o
 .debug_macro   0x0000b40c      0x119 src/FreeRTOS/portable/GCC/ATXMega256A3BU/port.o
 .debug_macro   0x0000b525       0x8e src/FreeRTOS/portable/GCC/ATXMega256A3BU/port.o
 .debug_macro   0x0000b5b3      0x121 src/FreeRTOS/portable/MemMang/heap_3.o
 .debug_macro   0x0000b6d4      0x183 src/FreeRTOS/queue.o
 .debug_macro   0x0000b857       0x20 src/FreeRTOS/queue.o
 .debug_macro   0x0000b877       0x80 src/FreeRTOS/queue.o
 .debug_macro   0x0000b8f7      0x1e6 src/FreeRTOS/tasks.o
 .debug_macro   0x0000badd       0x10 src/FreeRTOS/tasks.o
 .debug_macro   0x0000baed      0x15b src/FreeRTOS/timers.o
 .debug_macro   0x0000bc48       0x97 src/FreeRTOS/timers.o
 .debug_macro   0x0000bcdf      0x193 src/ASF/common/services/ioport/xmega/ioport_compat.o
 .debug_macro   0x0000be72      0x1b5 src/ASF/xmega/boards/xmega_a3bu_xplained/init.o
 .debug_macro   0x0000c027       0x2e src/ASF/xmega/boards/xmega_a3bu_xplained/init.o
 .debug_macro   0x0000c055      0x2d9 src/ASF/xmega/boards/xmega_a3bu_xplained/init.o
 .debug_macro   0x0000c32e      0x3f2 src/main.o
 .debug_macro   0x0000c720       0x34 src/main.o
 .debug_macro   0x0000c754       0x16 src/main.o
 .debug_macro   0x0000c76a       0x46 src/main.o
 .debug_macro   0x0000c7b0       0x1c src/main.o
 .debug_macro   0x0000c7cc       0x58 src/main.o
 .debug_macro   0x0000c824       0x10 src/main.o
 .debug_macro   0x0000c834       0xf2 src/main.o
 .debug_macro   0x0000c926       0x69 src/main.o
OUTPUT(Lab5_Embsys_RTOS.elf elf32-avr)
LOAD linker stubs

.BOOT           0x00040000        0x0
